This is a test
And here is another line
This is a test
And here is another line
